<html>
<body>
<pre>
<h1>µVision Build Log</h1>
<h2>Tool Versions:</h2>
IDE-Version: ¦ÌVision V5.29.0.0
Copyright (C) 2019 ARM Ltd and ARM Germany GmbH. All rights reserved.
License Information: 11 gccmpcon, 11, LIC=8MZI6-DAWNL-684FC-7222K-49UM2-QIGL2
 
Tool Versions:
Toolchain:       MDK-ARM Professional  Version: 5.29.0.0
Toolchain Path:  D:\Keil_v5\ARM\ARMCC\Bin
C Compiler:      Armcc.exe V5.06 update 6 (build 750)
Assembler:       Armasm.exe V5.06 update 6 (build 750)
Linker/Locator:  ArmLink.exe V5.06 update 6 (build 750)
Library Manager: ArmAr.exe V5.06 update 6 (build 750)
Hex Converter:   FromElf.exe V5.06 update 6 (build 750)
CPU DLL:         SARMCM3.DLL V5.29.0.0
Dialog DLL:      DCM.DLL V1.17.3.0
Target DLL:      CMSIS_AGDI.dll V1.32.0.0
Dialog DLL:      TCM.DLL V1.36.5.0
 
<h2>Project:</h2>
G:\Master_career\Master_For_mysel\my_github_project\project_1\gw-foc-lab\firmware\foc_prjv1\MDK-ARM\foc_prjv1.uvprojx
Project File Date:  08/20/2026

<h2>Output:</h2>
*** Using Compiler 'V5.06 update 6 (build 750)', folder: 'D:\Keil_v5\ARM\ARMCC\Bin'
Build target 'foc_prjv1'
compiling main.c...
../APP/Inc/drv8323.h(61): warning:  #1-D: last line of file ends without a newline
  #endif
../Core/Src/main.c(164): warning:  #223-D: function "MX_USB_PCD_Init" declared implicitly
    MX_USB_PCD_Init();
../Core/Src/main.c(74): warning:  #177-D: function "Fix_Boot_OptionBytes"  was declared but never referenced
  static void Fix_Boot_OptionBytes(void)
../Core/Src/main.c: 3 warnings, 0 errors
linking...
Program Size: Code=23692 RO-data=616 RW-data=156 ZI-data=9732  
FromELF: creating hex file...
"foc_prjv1\foc_prjv1.axf" - 0 Error(s), 3 Warning(s).

<h2>Software Packages used:</h2>

Package Vendor: ARM
                http://www.keil.com/pack/ARM.CMSIS.5.6.0.pack
                ARM.CMSIS.5.6.0
                CMSIS (Cortex Microcontroller Software Interface Standard)
   * Component: CORE Version: 5.3.0

Package Vendor: Keil
                https://www.keil.com/pack/Keil.STM32G4xx_DFP.2.2.0.pack
                Keil.STM32G4xx_DFP.2.2.0
                STMicroelectronics STM32G4 Series Device Support

<h2>Collection of Component include folders:</h2>
  .\RTE\_foc_prjv1
  D:\Keil_v5\ARM\PACK\ARM\CMSIS\5.6.0\CMSIS\Core\Include

<h2>Collection of Component Files used:</h2>

   * Component: ARM::CMSIS:CORE:5.3.0
Build Time Elapsed:  00:00:03
</pre>
</body>
</html>
