<html>
<body>
<pre>
<h1>µVision Build Log</h1>
<h2>Tool Versions:</h2>
IDE-Version: ¦ÌVision V5.29.0.0
Copyright (C) 2019 ARM Ltd and ARM Germany GmbH. All rights reserved.
License Information: 11 gccmpcon, 11, LIC=8MZI6-DAWNL-684FC-7222K-49UM2-QIGL2
 
Tool Versions:
Toolchain:       MDK-ARM Professional  Version: 5.29.0.0
Toolchain Path:  D:\Keil_v5\ARM\ARMCC\Bin
C Compiler:      Armcc.exe V5.06 update 6 (build 750)
Assembler:       Armasm.exe V5.06 update 6 (build 750)
Linker/Locator:  ArmLink.exe V5.06 update 6 (build 750)
Library Manager: ArmAr.exe V5.06 update 6 (build 750)
Hex Converter:   FromElf.exe V5.06 update 6 (build 750)
CPU DLL:         SARMCM3.DLL V5.29.0.0
Dialog DLL:      DCM.DLL V1.17.3.0
Target DLL:      STLink\ST-LINKIII-KEIL_SWO.dll V3.0.7.0
Dialog DLL:      TCM.DLL V1.36.5.0
 
<h2>Project:</h2>
G:\Master_career\Master_For_mysel\my_github_project\project_1\gw-foc-lab\firmware\foc_poj_v1\MDK-ARM\foc_poj_v1.uvprojx
Project File Date:  08/15/2026

<h2>Output:</h2>
*** Using Compiler 'V5.06 update 6 (build 750)', folder: 'D:\Keil_v5\ARM\ARMCC\Bin'
Build target 'foc_poj_v1'
compiling tim.c...
compiling gpio.c...
compiling stm32g4xx_it.c...
compiling fdcan.c...
compiling i2c.c...
compiling usb.c...
compiling spi.c...
compiling stm32g4xx_ll_adc.c...
compiling adc.c...
compiling comp.c...
compiling app_freertos.c...
compiling usart.c...
compiling main.c...
../Core/Src/main.c(104): warning:  #223-D: function "MX_USB_PCD_Init" declared implicitly
    MX_USB_PCD_Init();
../Core/Src/main.c: 1 warning, 0 errors
compiling stm32g4xx_hal_flash_ex.c...
compiling stm32g4xx_hal_flash_ramfunc.c...
compiling stm32g4xx_hal_timebase_tim.c...
compiling stm32g4xx_hal_flash.c...
compiling stm32g4xx_hal_msp.c...
compiling stm32g4xx_hal.c...
compiling stm32g4xx_hal_adc_ex.c...
compiling stm32g4xx_hal_rcc.c...
compiling stm32g4xx_hal_gpio.c...
compiling stm32g4xx_hal_rcc_ex.c...
compiling stm32g4xx_hal_adc.c...
compiling stm32g4xx_hal_exti.c...
compiling stm32g4xx_hal_dma.c...
compiling stm32g4xx_hal_fdcan.c...
compiling stm32g4xx_hal_cortex.c...
compiling stm32g4xx_hal_spi.c...
compiling stm32g4xx_hal_pwr.c...
compiling stm32g4xx_hal_i2c.c...
compiling stm32g4xx_hal_i2c_ex.c...
compiling stm32g4xx_hal_dma_ex.c...
compiling stm32g4xx_hal_comp.c...
compiling croutine.c...
compiling event_groups.c...
compiling stm32g4xx_hal_pwr_ex.c...
compiling list.c...
compiling stream_buffer.c...
compiling queue.c...
compiling timers.c...
compiling tasks.c...
compiling heap_4.c...
compiling port.c...
compiling test.c...
compiling stm32g4xx_hal_spi_ex.c...
compiling stm32g4xx_hal_tim_ex.c...
compiling stm32g4xx_hal_uart_ex.c...
compiling stm32g4xx_hal_pcd_ex.c...
compiling system_stm32g4xx.c...
compiling stm32g4xx_hal_tim.c...
compiling cmsis_os2.c...
compiling stm32g4xx_hal_pcd.c...
compiling stm32g4xx_ll_usb.c...
compiling stm32g4xx_hal_uart.c...
linking...
Program Size: Code=22384 RO-data=616 RW-data=152 ZI-data=9728  
FromELF: creating hex file...
"foc_poj_v1\foc_poj_v1.axf" - 0 Error(s), 1 Warning(s).

<h2>Software Packages used:</h2>

Package Vendor: ARM
                http://www.keil.com/pack/ARM.CMSIS.5.6.0.pack
                ARM.CMSIS.5.6.0
                CMSIS (Cortex Microcontroller Software Interface Standard)
   * Component: CORE Version: 5.3.0

Package Vendor: Keil
                https://www.keil.com/pack/Keil.STM32G4xx_DFP.2.2.0.pack
                Keil.STM32G4xx_DFP.2.2.0
                STMicroelectronics STM32G4 Series Device Support

<h2>Collection of Component include folders:</h2>
  .\RTE\_foc_poj_v1
  D:\Keil_v5\ARM\PACK\ARM\CMSIS\5.6.0\CMSIS\Core\Include

<h2>Collection of Component Files used:</h2>

   * Component: ARM::CMSIS:CORE:5.3.0
Build Time Elapsed:  00:00:50
</pre>
</body>
</html>
